<html>
<body>
<pre>
<h1>µVision Build Log</h1>
<h2>Tool Versions:</h2>
IDE-Version: ¦ÌVision V5.40.0.0
Copyright (C) 2024 ARM Ltd and ARM Germany GmbH. All rights reserved.
License Information: 1 weiyuyiyu@outlook.com, 1, LIC=8VRJ7-E3SKD-II15V-PYGKL-50IQ8-ZINFA
 
Tool Versions:
Toolchain:       MDK-ARM Plus  Version: 5.40.0.3
Toolchain Path:  D:\Keil_v5\ARM\ARMCC\Bin
C Compiler:      Armcc.exe V5.05 update 1 (build 106)
Assembler:       Armasm.exe V5.05 update 1 (build 106)
Linker/Locator:  ArmLink.exe V5.05 update 1 (build 106)
Library Manager: ArmAr.exe V5.05 update 1 (build 106)
Hex Converter:   FromElf.exe V5.05 update 1 (build 106)
CPU DLL:         SARMCM3.DLL V5.40.0.3
Dialog DLL:      DRAMSTM.DLL
Target DLL:      Segger\JL2CM3.dll V2.99.44.0
Dialog DLL:      TCM.DLL V1.56.4.0
 
<h2>Project:</h2>
D:\MINE\My Competition\MATE\final\MATE_V1.1.3\Project\STM32.uvprojx
Project File Date:  04/15/2025

<h2>Output:</h2>
*** Using Compiler 'V5.05 update 1 (build 106)', folder: 'D:\Keil_v5\ARM\ARMCC\Bin'
Rebuild target 'Demo'
compiling task_thruster.c...
..\Apply\Task\Inc\task_pH_outcome.h(13): warning:  #1295-D: Deprecated declaration pH_value_respond - give arg types
  void pH_value_respond();
..\Apply\Task\Src\task_thruster.c: 1 warning, 0 errors
compiling task_irq.c...
..\Apply\Task\Inc\task_pH_outcome.h(13): warning:  #1295-D: Deprecated declaration pH_value_respond - give arg types
  void pH_value_respond();
..\Apply\Task\Src\task_irq.c: 1 warning, 0 errors
compiling task_sysinit.c...
..\Apply\Task\Inc\task_pH_outcome.h(13): warning:  #1295-D: Deprecated declaration pH_value_respond - give arg types
  void pH_value_respond();
..\Apply\Task\Src\task_sysinit.c: 1 warning, 0 errors
compiling config.c...
compiling usercode.c...
..\Apply\Task\Inc\task_pH_outcome.h(13): warning:  #1295-D: Deprecated declaration pH_value_respond - give arg types
  void pH_value_respond();
..\Apply\Logic\Src\usercode.c: 1 warning, 0 errors
compiling threadpool.c...
..\Apply\Task\Inc\task_pH_outcome.h(13): warning:  #1295-D: Deprecated declaration pH_value_respond - give arg types
  void pH_value_respond();
..\Apply\Logic\Src\threadpool.c(17): warning:  #177-D: variable "tempBuf" was declared but never referenced
  	uint8_t tempBuf[100];
..\Apply\Logic\Src\threadpool.c(135): warning:  #111-D: statement is unreachable
  	Drv_Delay_Ms(100);
..\Apply\Logic\Src\threadpool.c(213): warning:  #550-D: variable "ExpDepth" was set but never used
      float ExpDepth = 0.0f;
..\Apply\Logic\Src\threadpool.c(214): warning:  #177-D: variable "CurrDepth" was declared but never referenced
      float CurrDepth = 0.0f;
..\Apply\Logic\Src\threadpool.c(218): warning:  #177-D: variable "error" was declared but never referenced
  	float error = 0.0f;
..\Apply\Logic\Src\threadpool.c: 6 warnings, 0 errors
compiling main.c...
compiling task_handlemode.c...
..\Apply\Task\Inc\task_pH_outcome.h(13): warning:  #1295-D: Deprecated declaration pH_value_respond - give arg types
  void pH_value_respond();
..\Apply\Task\Src\task_handlemode.c: 1 warning, 0 errors
compiling task_userinit.c...
..\Apply\Task\Inc\task_pH_outcome.h(13): warning:  #1295-D: Deprecated declaration pH_value_respond - give arg types
  void pH_value_respond();
..\Apply\Task\Src\task_userinit.c: 1 warning, 0 errors
compiling task_analysisdata.c...
..\Apply\Task\Inc\task_pH_outcome.h(13): warning:  #1295-D: Deprecated declaration pH_value_respond - give arg types
  void pH_value_respond();
..\Apply\Task\Src\task_analysisdata.c(244): warning:  #1-D: last line of file ends without a newline
  // }
..\Apply\Task\Src\task_analysisdata.c: 2 warnings, 0 errors
compiling task_balance.c...
..\Apply\Task\Inc\task_pH_outcome.h(13): warning:  #1295-D: Deprecated declaration pH_value_respond - give arg types
  void pH_value_respond();
..\Apply\Task\Src\task_balance.c(9): warning:  #177-D: variable "rollOutput" was declared but never referenced
  	float rollOutput = 0,pitchOutput = 0;
..\Apply\Task\Src\task_balance.c: 2 warnings, 0 errors
compiling task_pH_outcome.c...
..\Apply\Task\Inc\task_pH_outcome.h(13): warning:  #1295-D: Deprecated declaration pH_value_respond - give arg types
  void pH_value_respond();
..\Apply\Task\Src\task_pH_outcome.c: 1 warning, 0 errors
compiling task_motioncontrol.c...
..\Apply\Task\Inc\task_pH_outcome.h(13): warning:  #1295-D: Deprecated declaration pH_value_respond - give arg types
  void pH_value_respond();
..\Apply\Task\Src\task_motioncontrol.c(22): warning:  #177-D: variable "error" was declared but never referenced
  	float error;
..\Apply\Task\Src\task_motioncontrol.c: 2 warnings, 0 errors
compiling task_servocontrol.c...
..\Apply\Task\Inc\task_pH_outcome.h(13): warning:  #1295-D: Deprecated declaration pH_value_respond - give arg types
  void pH_value_respond();
..\Apply\Task\Src\task_servocontrol.c: 1 warning, 0 errors
compiling ocd_ads1256.c...
compiling task_pidcontrol.c...
..\Apply\Task\Inc\task_pH_outcome.h(13): warning:  #1295-D: Deprecated declaration pH_value_respond - give arg types
  void pH_value_respond();
..\Apply\Task\Src\task_pidcontrol.c: 1 warning, 0 errors
compiling ocd_at24cxx.c...
compiling ocd_ds3231.c...
compiling ocd_jy901.c...
..\Bsp\OCD\Src\ocd_jy901.c(397): warning:  #870-D: invalid multibyte character sequence
  	if(_tJY901->tConfig.usType & JY901_OUTPUT_TIME)		printf("time: %då¹?dæœ?dæ—?dæ—?dåˆ?dç§’\r\n",_tJY901->stcTime.Year,_tJY901->stcTime.Month,_tJY901->stcTime.Day,_tJY901->stcTime.Hour,_tJY901->stcTime.Min,_tJY901->stcTime.Sec);
..\Bsp\OCD\Src\ocd_jy901.c(397): warning:  #870-D: invalid multibyte character sequence
  	if(_tJY901->tConfig.usType & JY901_OUTPUT_TIME)		printf("time: %då¹?dæœ?dæ—?dæ—?dåˆ?dç§’\r\n",_tJY901->stcTime.Year,_tJY901->stcTime.Month,_tJY901->stcTime.Day,_tJY901->stcTime.Hour,_tJY901->stcTime.Min,_tJY901->stcTime.Sec);
..\Bsp\OCD\Src\ocd_jy901.c(397): warning:  #870-D: invalid multibyte character sequence
  	if(_tJY901->tConfig.usType & JY901_OUTPUT_TIME)		printf("time: %då¹?dæœ?dæ—?dæ—?dåˆ?dç§’\r\n",_tJY901->stcTime.Year,_tJY901->stcTime.Month,_tJY901->stcTime.Day,_tJY901->stcTime.Hour,_tJY901->stcTime.Min,_tJY901->stcTime.Sec);
..\Bsp\OCD\Src\ocd_jy901.c(397): warning:  #870-D: invalid multibyte character sequence
  	if(_tJY901->tConfig.usType & JY901_OUTPUT_TIME)		printf("time: %då¹?dæœ?dæ—?dæ—?dåˆ?dç§’\r\n",_tJY901->stcTime.Year,_tJY901->stcTime.Month,_tJY901->stcTime.Day,_tJY901->stcTime.Hour,_tJY901->stcTime.Min,_tJY901->stcTime.Sec);
..\Bsp\OCD\Src\ocd_jy901.c(397): warning:  #870-D: invalid multibyte character sequence
  	if(_tJY901->tConfig.usType & JY901_OUTPUT_TIME)		printf("time: %då¹?dæœ?dæ—?dæ—?dåˆ?dç§’\r\n",_tJY901->stcTime.Year,_tJY901->stcTime.Month,_tJY901->stcTime.Day,_tJY901->stcTime.Hour,_tJY901->stcTime.Min,_tJY901->stcTime.Sec);
..\Bsp\OCD\Src\ocd_jy901.c: 5 warnings, 0 errors
compiling ocd_ms5837.c...
compiling ocd_oled.c...
compiling ocd_rm3100.c...
compiling ff.c...
compiling ocd_sdcard.c...
compiling diskio.c...
compiling dev_ps2.c...
compiling algo_func.c...
compiling algo_pid.c...
compiling algo_median_F.c...
compiling algo_kalman.c...
compiling algo_pid update.c...
compiling algo_sqrt.c...
compiling drv_hal.c...
compiling drv_hal_adc.c...
compiling drv_hal_dac.c...
compiling drv_hal_delay.c...
compiling drv_hal_gpio.c...
compiling drv_hal_iic_soft.c...
compiling drv_hal_pwm.c...
compiling drv_hal_pwr.c...
compiling drv_hal_spi.c...
compiling drv_hal_spi_soft.c...
compiling drv_hal_timer.c...
compiling clock.c...
compiling components.c...
compiling cpu.c...
compiling idle.c...
compiling ipc.c...
compiling irq.c...
compiling kservice.c...
compiling mem.c...
compiling memheap.c...
compiling mempool.c...
compiling object.c...
compiling drv_hal_uart.c...
compiling board.c...
compiling scheduler.c...
compiling slab.c...
compiling thread.c...
compiling timer.c...
compiling cpuport.c...
compiling drv_hal_wdg.c...
assembling context_rvds.S...
compiling stm32f1xx_hal_adc.c...
compiling stm32f1xx_hal.c...
compiling stm32f1xx_hal_crc.c...
compiling stm32f1xx_hal_can.c...
compiling stm32f1xx_hal_adc_ex.c...
compiling stm32f1xx_hal_cec.c...
compiling stm32f1xx_hal_cortex.c...
compiling stm32f1xx_hal_dac.c...
compiling stm32f1xx_hal_dma.c...
compiling stm32f1xx_hal_exti.c...
compiling stm32f1xx_hal_flash.c...
compiling stm32f1xx_hal_gpio_ex.c...
compiling stm32f1xx_hal_flash_ex.c...
compiling stm32f1xx_hal_gpio.c...
compiling stm32f1xx_hal_hcd.c...
compiling stm32f1xx_hal_i2c.c...
compiling stm32f1xx_hal_i2s.c...
compiling stm32f1xx_hal_irda.c...
compiling stm32f1xx_hal_iwdg.c...
compiling stm32f1xx_hal_mmc.c...
compiling stm32f1xx_hal_nor.c...
compiling stm32f1xx_hal_pccard.c...
compiling stm32f1xx_hal_nand.c...
compiling stm32f1xx_hal_pcd.c...
compiling stm32f1xx_hal_pcd_ex.c...
compiling stm32f1xx_hal_rtc.c...
compiling stm32f1xx_hal_sd.c...
compiling stm32f1xx_hal_pwr.c...
compiling stm32f1xx_hal_rcc_ex.c...
compiling stm32f1xx_hal_rtc_ex.c...
compiling stm32f1xx_hal_rcc.c...
compiling stm32f1xx_hal_smartcard.c...
compiling stm32f1xx_hal_sram.c...
compiling stm32f1xx_hal_spi.c...
compiling stm32f1xx_hal_tim_ex.c...
compiling stm32f1xx_hal_uart.c...
compiling stm32f1xx_hal_wwdg.c...
compiling stm32f1xx_hal_usart.c...
assembling startup_stm32f103xe.s...
compiling stm32f1xx_hal_tim.c...
compiling system_stm32f1xx.c...
compiling task_automode.c...
..\Apply\Task\Inc\task_pH_outcome.h(13): warning:  #1295-D: Deprecated declaration pH_value_respond - give arg types
  void pH_value_respond();
..\Apply\Task\Src\task_automode.c: 1 warning, 0 errors
compiling ocd_fatfs.c...
compiling stm32f1xx_hal_dac_ex.c...
compiling stm32f1xx_hal_eth.c...
linking...
Program Size: Code=43500 RO-data=824 RW-data=4216 ZI-data=20048  
FromELF: creating hex file...
".\Objects\STM32.axf" - 0 Error(s), 27 Warning(s).

<h2>Software Packages used:</h2>

Package Vendor: Keil
                http://www.keil.com/pack/Keil.STM32F1xx_DFP.2.2.0.pack
                Keil::STM32F1xx_DFP@2.2.0
                STMicroelectronics STM32F1 Series Device Support, Drivers and Examples

<h2>Collection of Component include folders:</h2>
  D:/Keil_v5/ARM/Pack/Keil/STM32F1xx_DFP/2.2.0/Device/Include

<h2>Collection of Component Files used:</h2>
Build Time Elapsed:  00:01:09
</pre>
</body>
</html>
