<html>
<body>
<pre>
<h1>礦ision Build Log</h1>
<h2>Tool Versions:</h2>
IDE-Version: μVision V5.40.0.0
Copyright (C) 2024 ARM Ltd and ARM Germany GmbH. All rights reserved.
License Information: 1 weiyuyiyu@outlook.com, 1, LIC=8VRJ7-E3SKD-II15V-PYGKL-50IQ8-ZINFA
 
Tool Versions:
Toolchain:       MDK-ARM Plus  Version: 5.40.0.3
Toolchain Path:  D:\Keil_v5\ARM\ARMCC\Bin
C Compiler:      Armcc.exe V5.05 update 1 (build 106)
Assembler:       Armasm.exe V5.05 update 1 (build 106)
Linker/Locator:  ArmLink.exe V5.05 update 1 (build 106)
Library Manager: ArmAr.exe V5.05 update 1 (build 106)
Hex Converter:   FromElf.exe V5.05 update 1 (build 106)
CPU DLL:         SARMCM3.DLL V5.40.0.3
Dialog DLL:      DRAMSTM.DLL
Target DLL:      STLink\ST-LINKIII-KEIL_SWO.dll V3.3.0.0
Dialog DLL:      TCM.DLL V1.56.4.0
 
<h2>Project:</h2>
D:\MY STM32\SGA\SGA-SampleCode\SGA串口DMA接收例程\Project\STM32.uvprojx
Project File Date:  07/11/2024

<h2>Output:</h2>
*** Using Compiler 'V5.05 update 1 (build 106)', folder: 'D:\Keil_v5\ARM\ARMCC\Bin'
Build target 'Demo'
compiling task_userinit.c...
compiling threadpool.c...
compiling task_irq.c...
compiling task_sysinit.c...
compiling ocd_fatfs.c...
compiling ocd_at24cxx.c...
compiling main.c...
compiling ocd_ds3231.c...
compiling ocd_ads1256.c...
compiling diskio.c...
compiling usercode.c...
..\Apply\Logic\Src\usercode.c(25): warning:  #1-D: last line of file ends without a newline
  }
..\Apply\Logic\Src\usercode.c: 1 warning, 0 errors
compiling ff.c...
compiling config.c...
compiling drv_hal_adc.c...
compiling drv_hal.c...
compiling drv_hal_delay.c...
compiling drv_hal_gpio.c...
compiling drv_hal_iic_soft.c...
compiling ocd_rm3100.c...
compiling ocd_jy901.c...
compiling ocd_oled.c...
compiling algo_func.c...
compiling dev_ps2.c...
compiling ocd_sdcard.c...
compiling drv_hal_spi.c...
compiling stm32f1xx_hal_can.c...
compiling drv_hal_timer.c...
compiling stm32f1xx_hal_cortex.c...
compiling stm32f1xx_hal_cec.c...
compiling stm32f1xx_hal_adc.c...
compiling drv_hal_spi_soft.c...
compiling drv_hal_uart.c...
compiling drv_hal_pwm.c...
compiling stm32f1xx_hal_adc_ex.c...
compiling stm32f1xx_hal.c...
compiling stm32f1xx_hal_crc.c...
compiling stm32f1xx_hal_dac.c...
compiling stm32f1xx_hal_dac_ex.c...
compiling stm32f1xx_hal_dma.c...
compiling stm32f1xx_hal_flash_ex.c...
compiling stm32f1xx_hal_hcd.c...
compiling stm32f1xx_hal_gpio_ex.c...
compiling stm32f1xx_hal_gpio.c...
compiling stm32f1xx_hal_exti.c...
compiling stm32f1xx_hal_eth.c...
compiling stm32f1xx_hal_flash.c...
compiling stm32f1xx_hal_i2c.c...
compiling stm32f1xx_hal_i2s.c...
compiling stm32f1xx_hal_irda.c...
compiling stm32f1xx_hal_iwdg.c...
compiling stm32f1xx_hal_nand.c...
compiling stm32f1xx_hal_mmc.c...
compiling stm32f1xx_hal_pccard.c...
compiling stm32f1xx_hal_pcd.c...
compiling stm32f1xx_hal_pwr.c...
compiling stm32f1xx_hal_nor.c...
compiling stm32f1xx_hal_pcd_ex.c...
compiling stm32f1xx_hal_rcc.c...
compiling stm32f1xx_hal_rcc_ex.c...
compiling stm32f1xx_hal_rtc.c...
compiling stm32f1xx_hal_sd.c...
compiling stm32f1xx_hal_rtc_ex.c...
compiling stm32f1xx_hal_smartcard.c...
assembling startup_stm32f103xe.s...
compiling stm32f1xx_hal_sram.c...
compiling stm32f1xx_hal_spi.c...
compiling stm32f1xx_hal_uart.c...
compiling stm32f1xx_hal_tim_ex.c...
compiling stm32f1xx_hal_usart.c...
compiling stm32f1xx_hal_tim.c...
compiling stm32f1xx_hal_wwdg.c...
compiling system_stm32f1xx.c...
linking...
Program Size: Code=11120 RO-data=360 RW-data=380 ZI-data=5124  
FromELF: creating hex file...
".\Objects\STM32.axf" - 0 Error(s), 1 Warning(s).

<h2>Software Packages used:</h2>

Package Vendor: Keil
                http://www.keil.com/pack/Keil.STM32F1xx_DFP.2.2.0.pack
                Keil::STM32F1xx_DFP@2.2.0
                STMicroelectronics STM32F1 Series Device Support, Drivers and Examples

<h2>Collection of Component include folders:</h2>
  D:/Keil_v5/ARM/Pack/Keil/STM32F1xx_DFP/2.2.0/Device/Include

<h2>Collection of Component Files used:</h2>
Build Time Elapsed:  00:00:11
</pre>
</body>
</html>
